2026-10-04 20:11:27 | [INFO   ] | Логгер успешно сконфигурирован
2026-10-04 20:11:27 | [INFO   ] | Приложение запущено
2026-10-04 20:11:27 | [INFO   ] | ======================================================================
2026-10-04 20:11:27 | [INFO   ] | НОВЫЙ ЗАПРОС | Параметры: A='5', B='5', C='5'
2026-10-04 20:11:27 | [DEBUG  ] | Начало валидации. Вход: a_str='5', b_str='5', c_str='5'
2026-10-04 20:11:27 | [DEBUG  ] | Преобразование в float успешно: a=5.0, b=5.0, c=5.0
2026-10-04 20:11:27 | [DEBUG  ] | Валидация пройдена успешно
2026-10-04 20:11:27 | [DEBUG  ] | Определение типа для сторон: 5.0, 5.0, 5.0
2026-10-04 20:11:27 | [INFO   ] | Тип: равносторонний (5.0=5.0=5.0)
2026-10-04 20:11:27 | [DEBUG  ] | Расчет координат для a=5.0, b=5.0, c=5.0
2026-10-04 20:11:27 | [DEBUG  ] | Промежуточные координаты: A=(0,0), B=(5.0,0), C=(2.50,4.33)
2026-10-04 20:11:27 | [DEBUG  ] | Коэффициент масштабирования: 20.0000
2026-10-04 20:11:27 | [DEBUG  ] | Итоговые координаты после масштабирования: [(0, 0), (100, 0), (50, 86)]
2026-10-04 20:11:27 | [INFO   ] | УСПЕШНЫЙ ЗАПРОС | Параметры: A=5.0, B=5.0, C=5.0 | Тип: равносторонний | Координаты: [(0, 0), (100, 0), (50, 86)]
2026-10-04 20:11:27 | [INFO   ] | ======================================================================
2026-10-04 20:11:27 | [INFO   ] | НОВЫЙ ЗАПРОС | Параметры: A='-3', B='4', C='5'
2026-10-04 20:11:27 | [DEBUG  ] | Начало валидации. Вход: a_str='-3', b_str='4', c_str='5'
2026-10-04 20:11:27 | [DEBUG  ] | Преобразование в float успешно: a=-3.0, b=4.0, c=5.0
2026-10-04 20:11:27 | [WARNING] | Числа должны быть положительными. Получено: a=-3.0, b=4.0, c=5.0
2026-10-04 20:11:27 | [ERROR  ] | НЕУСПЕШНЫЙ ЗАПРОС | Параметры: A='-3', B='4', C='5' | Причина: невалидные данные | Результат: тип='', координаты=(-1, -1)
2026-10-04 20:11:27 | [INFO   ] | ======================================================================
2026-10-04 20:11:27 | [INFO   ] | НОВЫЙ ЗАПРОС | Параметры: A='abc', B='4', C='5'
2026-10-04 20:11:27 | [DEBUG  ] | Начало валидации. Вход: a_str='abc', b_str='4', c_str='5'
2026-10-04 20:11:27 | [ERROR  ] | Ошибка валидации входных данных: could not convert string to float: 'abc'
2026-10-04 20:11:27 | [ERROR  ] | Трассировка стека для ошибки ValueError:
Traceback (most recent call last):
  File "C:\Users\User\PTPM-VKI\triangle_solver.py", line 42, in validate_input
    a = float(a_str)
        ^^^^^^^^^^^^
ValueError: could not convert string to float: 'abc'
2026-10-04 20:11:27 | [ERROR  ] | НЕУСПЕШНЫЙ ЗАПРОС | Параметры: A='abc', B='4', C='5' | Причина: невалидные данные | Результат: тип='', координаты=(-2, -2)
2026-10-04 20:11:27 | [INFO   ] | ======================================================================
2026-10-04 20:11:27 | [INFO   ] | НОВЫЙ ЗАПРОС | Параметры: A='5', B='5', C='8'
2026-10-04 20:11:27 | [DEBUG  ] | Начало валидации. Вход: a_str='5', b_str='5', c_str='8'
2026-10-04 20:11:27 | [DEBUG  ] | Преобразование в float успешно: a=5.0, b=5.0, c=8.0
2026-10-04 20:11:27 | [DEBUG  ] | Валидация пройдена успешно
2026-10-04 20:11:27 | [DEBUG  ] | Определение типа для сторон: 5.0, 5.0, 8.0
2026-10-04 20:11:27 | [INFO   ] | Тип: равнобедренный (5.0, 5.0, 8.0)
2026-10-04 20:11:27 | [DEBUG  ] | Расчет координат для a=5.0, b=5.0, c=8.0
2026-10-04 20:11:27 | [DEBUG  ] | Промежуточные координаты: A=(0,0), B=(5.0,0), C=(-1.40,4.80)
2026-10-04 20:11:27 | [DEBUG  ] | Коэффициент масштабирования: 20.0000
2026-10-04 20:11:27 | [DEBUG  ] | Итоговые координаты после масштабирования: [(0, 0), (100, 0), (-28, 96)]
2026-10-04 20:11:27 | [INFO   ] | УСПЕШНЫЙ ЗАПРОС | Параметры: A=5.0, B=5.0, C=8.0 | Тип: равнобедренный | Координаты: [(0, 0), (100, 0), (-28, 96)]
2026-10-04 20:11:27 | [INFO   ] | ======================================================================
2026-10-04 20:11:27 | [INFO   ] | НОВЫЙ ЗАПРОС | Параметры: A='1', B='2', C='10'
2026-10-04 20:11:27 | [DEBUG  ] | Начало валидации. Вход: a_str='1', b_str='2', c_str='10'
2026-10-04 20:11:27 | [DEBUG  ] | Преобразование в float успешно: a=1.0, b=2.0, c=10.0
2026-10-04 20:11:27 | [DEBUG  ] | Валидация пройдена успешно
2026-10-04 20:11:27 | [DEBUG  ] | Определение типа для сторон: 1.0, 2.0, 10.0
2026-10-04 20:11:27 | [INFO   ] | Стороны (1.0, 2.0, 10.0) не образуют треугольник
2026-10-04 20:11:27 | [WARNING] | НЕУСПЕШНЫЙ ЗАПРОС | Параметры: A=1.0, B=2.0, C=10.0 | Причина: нарушено неравенство треугольника | Результат: не треугольник, [(-1, -1), (-1, -1), (-1, -1)]
2026-10-04 20:11:27 | [INFO   ] | ======================================================================
2026-10-04 20:11:27 | [INFO   ] | НОВЫЙ ЗАПРОС | Параметры: A='3', B='4', C='5'
2026-10-04 20:11:27 | [DEBUG  ] | Начало валидации. Вход: a_str='3', b_str='4', c_str='5'
2026-10-04 20:11:27 | [DEBUG  ] | Преобразование в float успешно: a=3.0, b=4.0, c=5.0
2026-10-04 20:11:27 | [DEBUG  ] | Валидация пройдена успешно
2026-10-04 20:11:27 | [DEBUG  ] | Определение типа для сторон: 3.0, 4.0, 5.0
2026-10-04 20:11:27 | [INFO   ] | Тип: разносторонний (3.0, 4.0, 5.0)
2026-10-04 20:11:27 | [DEBUG  ] | Расчет координат для a=3.0, b=4.0, c=5.0
2026-10-04 20:11:27 | [DEBUG  ] | Промежуточные координаты: A=(0,0), B=(3.0,0), C=(0.00,4.00)
2026-10-04 20:11:27 | [DEBUG  ] | Коэффициент масштабирования: 25.0000
2026-10-04 20:11:27 | [DEBUG  ] | Итоговые координаты после масштабирования: [(0, 0), (75, 0), (0, 100)]
2026-10-04 20:11:27 | [INFO   ] | УСПЕШНЫЙ ЗАПРОС | Параметры: A=3.0, B=4.0, C=5.0 | Тип: разносторонний | Координаты: [(0, 0), (75, 0), (0, 100)]
2026-10-04 20:23:56 | [INFO   ] | Логгер успешно сконфигурирован
2026-10-04 20:23:56 | [INFO   ] | Приложение запущено
2026-10-04 20:23:56 | [INFO   ] | ======================================================================
2026-10-04 20:23:56 | [INFO   ] | НОВЫЙ ЗАПРОС | Параметры: A='5', B='5', C='5'
2026-10-04 20:23:56 | [DEBUG  ] | Начало валидации. Вход: a_str='5', b_str='5', c_str='5'
2026-10-04 20:23:56 | [DEBUG  ] | Преобразование в float успешно: a=5.0, b=5.0, c=5.0
2026-10-04 20:23:56 | [DEBUG  ] | Валидация пройдена успешно
2026-10-04 20:23:56 | [DEBUG  ] | Определение типа для сторон: 5.0, 5.0, 5.0
2026-10-04 20:23:56 | [INFO   ] | Тип: равносторонний (5.0=5.0=5.0)
2026-10-04 20:23:56 | [DEBUG  ] | Расчет координат для a=5.0, b=5.0, c=5.0
2026-10-04 20:23:56 | [DEBUG  ] | Промежуточные координаты: A=(0,0), B=(5.0,0), C=(2.50,4.33)
2026-10-04 20:23:56 | [DEBUG  ] | Коэффициент масштабирования: 20.0000
2026-10-04 20:23:56 | [DEBUG  ] | Итоговые координаты после масштабирования: [(0, 0), (100, 0), (50, 86)]
2026-10-04 20:23:56 | [INFO   ] | УСПЕШНЫЙ ЗАПРОС | Параметры: A=5.0, B=5.0, C=5.0 | Тип: равносторонний | Координаты: [(0, 0), (100, 0), (50, 86)]
2026-10-04 20:23:56 | [INFO   ] | ======================================================================
2026-10-04 20:23:56 | [INFO   ] | НОВЫЙ ЗАПРОС | Параметры: A='-3', B='4', C='5'
2026-10-04 20:23:56 | [DEBUG  ] | Начало валидации. Вход: a_str='-3', b_str='4', c_str='5'
2026-10-04 20:23:56 | [DEBUG  ] | Преобразование в float успешно: a=-3.0, b=4.0, c=5.0
2026-10-04 20:23:56 | [WARNING] | Числа должны быть положительными. Получено: a=-3.0, b=4.0, c=5.0
2026-10-04 20:23:56 | [ERROR  ] | НЕУСПЕШНЫЙ ЗАПРОС | Параметры: A='-3', B='4', C='5' | Причина: невалидные данные | Результат: тип='', координаты=(-1, -1)
2026-10-04 20:23:56 | [INFO   ] | ======================================================================
2026-10-04 20:23:56 | [INFO   ] | НОВЫЙ ЗАПРОС | Параметры: A='abc', B='4', C='5'
2026-10-04 20:23:56 | [DEBUG  ] | Начало валидации. Вход: a_str='abc', b_str='4', c_str='5'
2026-10-04 20:23:56 | [ERROR  ] | Ошибка валидации входных данных: could not convert string to float: 'abc'
2026-10-04 20:23:56 | [ERROR  ] | Трассировка стека для ошибки ValueError:
Traceback (most recent call last):
  File "C:\Users\User\PTPM-VKI\triangle_solver.py", line 42, in validate_input
    a = float(a_str)
        ^^^^^^^^^^^^
ValueError: could not convert string to float: 'abc'
2026-10-04 20:23:56 | [ERROR  ] | НЕУСПЕШНЫЙ ЗАПРОС | Параметры: A='abc', B='4', C='5' | Причина: невалидные данные | Результат: тип='', координаты=(-2, -2)
2026-10-04 20:23:56 | [INFO   ] | ======================================================================
2026-10-04 20:23:56 | [INFO   ] | НОВЫЙ ЗАПРОС | Параметры: A='5', B='5', C='8'
2026-10-04 20:23:56 | [DEBUG  ] | Начало валидации. Вход: a_str='5', b_str='5', c_str='8'
2026-10-04 20:23:56 | [DEBUG  ] | Преобразование в float успешно: a=5.0, b=5.0, c=8.0
2026-10-04 20:23:56 | [DEBUG  ] | Валидация пройдена успешно
2026-10-04 20:23:56 | [DEBUG  ] | Определение типа для сторон: 5.0, 5.0, 8.0
2026-10-04 20:23:56 | [INFO   ] | Тип: равнобедренный (5.0, 5.0, 8.0)
2026-10-04 20:23:56 | [DEBUG  ] | Расчет координат для a=5.0, b=5.0, c=8.0
2026-10-04 20:23:56 | [DEBUG  ] | Промежуточные координаты: A=(0,0), B=(5.0,0), C=(-1.40,4.80)
2026-10-04 20:23:56 | [DEBUG  ] | Коэффициент масштабирования: 20.0000
2026-10-04 20:23:56 | [DEBUG  ] | Итоговые координаты после масштабирования: [(0, 0), (100, 0), (-28, 96)]
2026-10-04 20:23:56 | [INFO   ] | УСПЕШНЫЙ ЗАПРОС | Параметры: A=5.0, B=5.0, C=8.0 | Тип: равнобедренный | Координаты: [(0, 0), (100, 0), (-28, 96)]
2026-10-04 20:23:56 | [INFO   ] | ======================================================================
2026-10-04 20:23:56 | [INFO   ] | НОВЫЙ ЗАПРОС | Параметры: A='1', B='2', C='10'
2026-10-04 20:23:56 | [DEBUG  ] | Начало валидации. Вход: a_str='1', b_str='2', c_str='10'
2026-10-04 20:23:56 | [DEBUG  ] | Преобразование в float успешно: a=1.0, b=2.0, c=10.0
2026-10-04 20:23:56 | [DEBUG  ] | Валидация пройдена успешно
2026-10-04 20:23:56 | [DEBUG  ] | Определение типа для сторон: 1.0, 2.0, 10.0
2026-10-04 20:23:56 | [INFO   ] | Стороны (1.0, 2.0, 10.0) не образуют треугольник
2026-10-04 20:23:56 | [WARNING] | НЕУСПЕШНЫЙ ЗАПРОС | Параметры: A=1.0, B=2.0, C=10.0 | Причина: нарушено неравенство треугольника | Результат: не треугольник, [(-1, -1), (-1, -1), (-1, -1)]
2026-10-04 20:23:56 | [INFO   ] | ======================================================================
2026-10-04 20:23:56 | [INFO   ] | НОВЫЙ ЗАПРОС | Параметры: A='3', B='4', C='5'
2026-10-04 20:23:56 | [DEBUG  ] | Начало валидации. Вход: a_str='3', b_str='4', c_str='5'
2026-10-04 20:23:56 | [DEBUG  ] | Преобразование в float успешно: a=3.0, b=4.0, c=5.0
2026-10-04 20:23:56 | [DEBUG  ] | Валидация пройдена успешно
2026-10-04 20:23:56 | [DEBUG  ] | Определение типа для сторон: 3.0, 4.0, 5.0
2026-10-04 20:23:56 | [INFO   ] | Тип: разносторонний (3.0, 4.0, 5.0)
2026-10-04 20:23:56 | [DEBUG  ] | Расчет координат для a=3.0, b=4.0, c=5.0
2026-10-04 20:23:56 | [DEBUG  ] | Промежуточные координаты: A=(0,0), B=(3.0,0), C=(0.00,4.00)
2026-10-04 20:23:56 | [DEBUG  ] | Коэффициент масштабирования: 25.0000
2026-10-04 20:23:56 | [DEBUG  ] | Итоговые координаты после масштабирования: [(0, 0), (75, 0), (0, 100)]
2026-10-04 20:23:56 | [INFO   ] | УСПЕШНЫЙ ЗАПРОС | Параметры: A=3.0, B=4.0, C=5.0 | Тип: разносторонний | Координаты: [(0, 0), (75, 0), (0, 100)]
2026-10-04 20:24:45 | [INFO   ] | Логгер успешно сконфигурирован
2026-10-04 20:24:45 | [INFO   ] | Приложение запущено
2026-10-04 20:24:45 | [INFO   ] | ======================================================================
2026-10-04 20:24:45 | [INFO   ] | НОВЫЙ ЗАПРОС | Параметры: A='5', B='5', C='5'
2026-10-04 20:24:45 | [DEBUG  ] | Начало валидации. Вход: a_str='5', b_str='5', c_str='5'
2026-10-04 20:24:45 | [DEBUG  ] | Преобразование в float успешно: a=5.0, b=5.0, c=5.0
2026-10-04 20:24:45 | [DEBUG  ] | Валидация пройдена успешно
2026-10-04 20:24:45 | [DEBUG  ] | Определение типа для сторон: 5.0, 5.0, 5.0
2026-10-04 20:24:45 | [INFO   ] | Тип: равносторонний (5.0=5.0=5.0)
2026-10-04 20:24:45 | [DEBUG  ] | Расчет координат для a=5.0, b=5.0, c=5.0
2026-10-04 20:24:45 | [DEBUG  ] | Промежуточные координаты: A=(0,0), B=(5.0,0), C=(2.50,4.33)
2026-10-04 20:24:45 | [DEBUG  ] | Коэффициент масштабирования: 20.0000
2026-10-04 20:24:45 | [DEBUG  ] | Итоговые координаты после масштабирования: [(0, 0), (100, 0), (50, 86)]
2026-10-04 20:24:45 | [INFO   ] | УСПЕШНЫЙ ЗАПРОС | Параметры: A=5.0, B=5.0, C=5.0 | Тип: равносторонний | Координаты: [(0, 0), (100, 0), (50, 86)]
2026-10-04 20:24:45 | [INFO   ] | ======================================================================
2026-10-04 20:24:45 | [INFO   ] | НОВЫЙ ЗАПРОС | Параметры: A='-3', B='4', C='5'
2026-10-04 20:24:45 | [DEBUG  ] | Начало валидации. Вход: a_str='-3', b_str='4', c_str='5'
2026-10-04 20:24:45 | [DEBUG  ] | Преобразование в float успешно: a=-3.0, b=4.0, c=5.0
2026-10-04 20:24:45 | [WARNING] | Числа должны быть положительными. Получено: a=-3.0, b=4.0, c=5.0
2026-10-04 20:24:45 | [ERROR  ] | НЕУСПЕШНЫЙ ЗАПРОС | Параметры: A='-3', B='4', C='5' | Причина: невалидные данные | Результат: тип='', координаты=(-1, -1)
2026-10-04 20:24:45 | [INFO   ] | ======================================================================
2026-10-04 20:24:45 | [INFO   ] | НОВЫЙ ЗАПРОС | Параметры: A='abc', B='4', C='5'
2026-10-04 20:24:45 | [DEBUG  ] | Начало валидации. Вход: a_str='abc', b_str='4', c_str='5'
2026-10-04 20:24:45 | [ERROR  ] | Ошибка валидации входных данных: could not convert string to float: 'abc'
2026-10-04 20:24:45 | [ERROR  ] | Трассировка стека для ошибки ValueError:
Traceback (most recent call last):
  File "C:\Users\User\PTPM-VKI\triangle_solver.py", line 42, in validate_input
    a = float(a_str)
        ^^^^^^^^^^^^
ValueError: could not convert string to float: 'abc'
2026-10-04 20:24:45 | [ERROR  ] | НЕУСПЕШНЫЙ ЗАПРОС | Параметры: A='abc', B='4', C='5' | Причина: невалидные данные | Результат: тип='', координаты=(-2, -2)
2026-10-04 20:24:45 | [INFO   ] | ======================================================================
2026-10-04 20:24:45 | [INFO   ] | НОВЫЙ ЗАПРОС | Параметры: A='5', B='5', C='8'
2026-10-04 20:24:45 | [DEBUG  ] | Начало валидации. Вход: a_str='5', b_str='5', c_str='8'
2026-10-04 20:24:45 | [DEBUG  ] | Преобразование в float успешно: a=5.0, b=5.0, c=8.0
2026-10-04 20:24:45 | [DEBUG  ] | Валидация пройдена успешно
2026-10-04 20:24:45 | [DEBUG  ] | Определение типа для сторон: 5.0, 5.0, 8.0
2026-10-04 20:24:45 | [INFO   ] | Тип: равнобедренный (5.0, 5.0, 8.0)
2026-10-04 20:24:45 | [DEBUG  ] | Расчет координат для a=5.0, b=5.0, c=8.0
2026-10-04 20:24:45 | [DEBUG  ] | Промежуточные координаты: A=(0,0), B=(5.0,0), C=(-1.40,4.80)
2026-10-04 20:24:45 | [DEBUG  ] | Коэффициент масштабирования: 20.0000
2026-10-04 20:24:45 | [DEBUG  ] | Итоговые координаты после масштабирования: [(0, 0), (100, 0), (-28, 96)]
2026-10-04 20:24:45 | [INFO   ] | УСПЕШНЫЙ ЗАПРОС | Параметры: A=5.0, B=5.0, C=8.0 | Тип: равнобедренный | Координаты: [(0, 0), (100, 0), (-28, 96)]
2026-10-04 20:24:45 | [INFO   ] | ======================================================================
2026-10-04 20:24:45 | [INFO   ] | НОВЫЙ ЗАПРОС | Параметры: A='1', B='2', C='10'
2026-10-04 20:24:45 | [DEBUG  ] | Начало валидации. Вход: a_str='1', b_str='2', c_str='10'
2026-10-04 20:24:45 | [DEBUG  ] | Преобразование в float успешно: a=1.0, b=2.0, c=10.0
2026-10-04 20:24:45 | [DEBUG  ] | Валидация пройдена успешно
2026-10-04 20:24:45 | [DEBUG  ] | Определение типа для сторон: 1.0, 2.0, 10.0
2026-10-04 20:24:45 | [INFO   ] | Стороны (1.0, 2.0, 10.0) не образуют треугольник
2026-10-04 20:24:45 | [WARNING] | НЕУСПЕШНЫЙ ЗАПРОС | Параметры: A=1.0, B=2.0, C=10.0 | Причина: нарушено неравенство треугольника | Результат: не треугольник, [(-1, -1), (-1, -1), (-1, -1)]
2026-10-04 20:24:45 | [INFO   ] | ======================================================================
2026-10-04 20:24:45 | [INFO   ] | НОВЫЙ ЗАПРОС | Параметры: A='3', B='4', C='5'
2026-10-04 20:24:45 | [DEBUG  ] | Начало валидации. Вход: a_str='3', b_str='4', c_str='5'
2026-10-04 20:24:45 | [DEBUG  ] | Преобразование в float успешно: a=3.0, b=4.0, c=5.0
2026-10-04 20:24:45 | [DEBUG  ] | Валидация пройдена успешно
2026-10-04 20:24:45 | [DEBUG  ] | Определение типа для сторон: 3.0, 4.0, 5.0
2026-10-04 20:24:45 | [INFO   ] | Тип: разносторонний (3.0, 4.0, 5.0)
2026-10-04 20:24:45 | [DEBUG  ] | Расчет координат для a=3.0, b=4.0, c=5.0
2026-10-04 20:24:45 | [DEBUG  ] | Промежуточные координаты: A=(0,0), B=(3.0,0), C=(0.00,4.00)
2026-10-04 20:24:45 | [DEBUG  ] | Коэффициент масштабирования: 25.0000
2026-10-04 20:24:45 | [DEBUG  ] | Итоговые координаты после масштабирования: [(0, 0), (75, 0), (0, 100)]
2026-10-04 20:24:45 | [INFO   ] | УСПЕШНЫЙ ЗАПРОС | Параметры: A=3.0, B=4.0, C=5.0 | Тип: разносторонний | Координаты: [(0, 0), (75, 0), (0, 100)]
2026-10-04 20:30:21 | [INFO   ] | Логгер успешно сконфигурирован
2026-10-04 20:30:21 | [INFO   ] | Приложение запущено
2026-10-04 20:30:21 | [INFO   ] | ======================================================================
2026-10-04 20:30:21 | [INFO   ] | НОВЫЙ ЗАПРОС | Параметры: A='5', B='5', C='5'
2026-10-04 20:30:21 | [DEBUG  ] | Начало валидации. Вход: a_str='5', b_str='5', c_str='5'
2026-10-04 20:30:21 | [DEBUG  ] | Преобразование в float успешно: a=5.0, b=5.0, c=5.0
2026-10-04 20:30:21 | [DEBUG  ] | Валидация пройдена успешно
2026-10-04 20:30:21 | [DEBUG  ] | Определение типа для сторон: 5.0, 5.0, 5.0
2026-10-04 20:30:21 | [INFO   ] | Тип: равносторонний (5.0=5.0=5.0)
2026-10-04 20:30:21 | [DEBUG  ] | Расчет координат для a=5.0, b=5.0, c=5.0
2026-10-04 20:30:21 | [DEBUG  ] | Промежуточные координаты: A=(0,0), B=(5.0,0), C=(2.50,4.33)
2026-10-04 20:30:21 | [DEBUG  ] | Коэффициент масштабирования: 20.0000
2026-10-04 20:30:21 | [DEBUG  ] | Итоговые координаты после масштабирования: [(0, 0), (100, 0), (50, 86)]
2026-10-04 20:30:21 | [INFO   ] | УСПЕШНЫЙ ЗАПРОС | Параметры: A=5.0, B=5.0, C=5.0 | Тип: равносторонний | Координаты: [(0, 0), (100, 0), (50, 86)]
2026-10-04 20:30:21 | [INFO   ] | ======================================================================
2026-10-04 20:30:21 | [INFO   ] | НОВЫЙ ЗАПРОС | Параметры: A='-3', B='4', C='5'
2026-10-04 20:30:21 | [DEBUG  ] | Начало валидации. Вход: a_str='-3', b_str='4', c_str='5'
2026-10-04 20:30:21 | [DEBUG  ] | Преобразование в float успешно: a=-3.0, b=4.0, c=5.0
2026-10-04 20:30:21 | [WARNING] | Числа должны быть положительными. Получено: a=-3.0, b=4.0, c=5.0
2026-10-04 20:30:21 | [ERROR  ] | НЕУСПЕШНЫЙ ЗАПРОС | Параметры: A='-3', B='4', C='5' | Причина: невалидные данные | Результат: тип='', координаты=(-1, -1)
2026-10-04 20:30:21 | [INFO   ] | ======================================================================
2026-10-04 20:30:21 | [INFO   ] | НОВЫЙ ЗАПРОС | Параметры: A='abc', B='4', C='5'
2026-10-04 20:30:21 | [DEBUG  ] | Начало валидации. Вход: a_str='abc', b_str='4', c_str='5'
2026-10-04 20:30:21 | [ERROR  ] | Ошибка валидации входных данных: could not convert string to float: 'abc'
2026-10-04 20:30:21 | [ERROR  ] | Трассировка стека для ошибки ValueError:
Traceback (most recent call last):
  File "C:\Users\User\PTPM-VKI\triangle_solver.py", line 42, in validate_input
    a = float(a_str)
        ^^^^^^^^^^^^
ValueError: could not convert string to float: 'abc'
2026-10-04 20:30:21 | [ERROR  ] | НЕУСПЕШНЫЙ ЗАПРОС | Параметры: A='abc', B='4', C='5' | Причина: невалидные данные | Результат: тип='', координаты=(-2, -2)
2026-10-04 20:30:21 | [INFO   ] | ======================================================================
2026-10-04 20:30:21 | [INFO   ] | НОВЫЙ ЗАПРОС | Параметры: A='5', B='5', C='8'
2026-10-04 20:30:21 | [DEBUG  ] | Начало валидации. Вход: a_str='5', b_str='5', c_str='8'
2026-10-04 20:30:21 | [DEBUG  ] | Преобразование в float успешно: a=5.0, b=5.0, c=8.0
2026-10-04 20:30:21 | [DEBUG  ] | Валидация пройдена успешно
2026-10-04 20:30:21 | [DEBUG  ] | Определение типа для сторон: 5.0, 5.0, 8.0
2026-10-04 20:30:21 | [INFO   ] | Тип: равнобедренный (5.0, 5.0, 8.0)
2026-10-04 20:30:21 | [DEBUG  ] | Расчет координат для a=5.0, b=5.0, c=8.0
2026-10-04 20:30:21 | [DEBUG  ] | Промежуточные координаты: A=(0,0), B=(5.0,0), C=(-1.40,4.80)
2026-10-04 20:30:21 | [DEBUG  ] | Коэффициент масштабирования: 20.0000
2026-10-04 20:30:21 | [DEBUG  ] | Итоговые координаты после масштабирования: [(0, 0), (100, 0), (-28, 96)]
2026-10-04 20:30:21 | [INFO   ] | УСПЕШНЫЙ ЗАПРОС | Параметры: A=5.0, B=5.0, C=8.0 | Тип: равнобедренный | Координаты: [(0, 0), (100, 0), (-28, 96)]
2026-10-04 20:30:21 | [INFO   ] | ======================================================================
2026-10-04 20:30:21 | [INFO   ] | НОВЫЙ ЗАПРОС | Параметры: A='1', B='2', C='10'
2026-10-04 20:30:21 | [DEBUG  ] | Начало валидации. Вход: a_str='1', b_str='2', c_str='10'
2026-10-04 20:30:21 | [DEBUG  ] | Преобразование в float успешно: a=1.0, b=2.0, c=10.0
2026-10-04 20:30:21 | [DEBUG  ] | Валидация пройдена успешно
2026-10-04 20:30:21 | [DEBUG  ] | Определение типа для сторон: 1.0, 2.0, 10.0
2026-10-04 20:30:21 | [INFO   ] | Стороны (1.0, 2.0, 10.0) не образуют треугольник
2026-10-04 20:30:21 | [WARNING] | НЕУСПЕШНЫЙ ЗАПРОС | Параметры: A=1.0, B=2.0, C=10.0 | Причина: нарушено неравенство треугольника | Результат: не треугольник, [(-1, -1), (-1, -1), (-1, -1)]
2026-10-04 20:30:21 | [INFO   ] | ======================================================================
2026-10-04 20:30:21 | [INFO   ] | НОВЫЙ ЗАПРОС | Параметры: A='3', B='4', C='5'
2026-10-04 20:30:21 | [DEBUG  ] | Начало валидации. Вход: a_str='3', b_str='4', c_str='5'
2026-10-04 20:30:21 | [DEBUG  ] | Преобразование в float успешно: a=3.0, b=4.0, c=5.0
2026-10-04 20:30:21 | [DEBUG  ] | Валидация пройдена успешно
2026-10-04 20:30:21 | [DEBUG  ] | Определение типа для сторон: 3.0, 4.0, 5.0
2026-10-04 20:30:21 | [INFO   ] | Тип: разносторонний (3.0, 4.0, 5.0)
2026-10-04 20:30:21 | [DEBUG  ] | Расчет координат для a=3.0, b=4.0, c=5.0
2026-10-04 20:30:21 | [DEBUG  ] | Промежуточные координаты: A=(0,0), B=(3.0,0), C=(0.00,4.00)
2026-10-04 20:30:21 | [DEBUG  ] | Коэффициент масштабирования: 25.0000
2026-10-04 20:30:21 | [DEBUG  ] | Итоговые координаты после масштабирования: [(0, 0), (75, 0), (0, 100)]
2026-10-04 20:30:21 | [INFO   ] | УСПЕШНЫЙ ЗАПРОС | Параметры: A=3.0, B=4.0, C=5.0 | Тип: разносторонний | Координаты: [(0, 0), (75, 0), (0, 100)]
